
> landingpage-myfounders@0.1.0 build
> next build

   Γû▓ Next.js 15.1.6
   - Environments: .env.local

