
> landingpage-myfounders@0.1.0 dev
> next dev

node.exe :  ΓÜá Port 3000 is in use, trying 3001 instead.
At C:\Program Files\nodejs\npm.ps1:16 char:5
+     & "$basedir/node$exe"  "$basedir/node_modules/npm/bin/npm-cli.js" ...
+     ~~~~~~~~~~~~~~~~~~~~~~~~~~~~~~~~~~~~~~~~~~~~~~~~~~~~~~~~~~~~~~~~~
    + CategoryInfo          : NotSpecified: ( ΓÜá Port 3000 ...g 3001 instead. 
   :String) [], RemoteException
    + FullyQualifiedErrorId : NativeCommandError
 
 ΓÜá Port 3001 is in use, trying 3002 instead.
   Γû▓ Next.js 15.1.6
   - Local:        http://localhost:3002
   - Network:      http://10.77.19.33:3002
   - Environments: .env.local

 Γ£ô Starting...
